2026-03-24 16:53:50.818 | INFO     | __main__:load_and_standardize_data:76 - Attempting to preload data from data/demanda_direct_out.sas7bdat...
2026-03-24 16:54:02.156 | INFO     | __main__:load_and_standardize_data:78 - Data loaded: 1,497,194 rows × 43 columns
2026-03-24 16:54:02.157 | INFO     | __main__:load_and_standardize_data:81 - Standardizing column names...
2026-03-24 16:54:02.161 | INFO     | __main__:load_and_standardize_data:85 - Standardizing categorical values...
2026-03-24 16:54:03.380 | INFO     | __main__:load_and_standardize_data:89 - Data standardization complete.
2026-03-24 16:54:03.390 | INFO     | __main__:learn_global_bin_edges:135 - Global bin learning: 101,720 booked records across all segments
2026-03-24 16:54:03.392 | INFO     | src.preprocess_improved:learn_quantile_bins:249 - learn_quantile_bins: 1 split(s) for 'income_t1t2_m' (max_bins=2): thresholds=[2021.3600000000001]
2026-03-24 16:54:03.392 | INFO     | src.preprocess_improved:learn_quantile_bins:253 -   Bin edges: [-inf, 2021.3600000000001, inf]
2026-03-24 16:54:03.392 | INFO     | __main__:learn_global_bin_edges:153 - Global bin edges for 'income_bin': [-inf, 2021.3600000000001, inf]
2026-03-24 16:54:03.400 | INFO     | src.preprocess_improved:learn_quantile_bins:249 - learn_quantile_bins: 1 split(s) for 'income_t1t2_m' (max_bins=2): thresholds=[2071.315]
2026-03-24 16:54:03.400 | INFO     | src.preprocess_improved:learn_quantile_bins:253 -   Bin edges: [-inf, 2071.315, inf]
2026-03-24 16:54:03.400 | INFO     | __main__:learn_supersegment_bin_edges:237 - Supersegment 'pl_new' bin edges for 'income_bin': [-inf, 2071.315, inf]
2026-03-24 16:54:03.411 | INFO     | __main__:run_segments_sequential:654 - Training supersegment model: total
2026-03-24 16:54:03.414 | INFO     | __main__:run_supersegment_training:476 - ================================================================================
2026-03-24 16:54:03.414 | INFO     | __main__:run_supersegment_training:477 - TRAINING SUPERSEGMENT MODEL: total
2026-03-24 16:54:03.414 | INFO     | __main__:run_supersegment_training:478 - ================================================================================
2026-03-24 16:54:03.414 | INFO     | __main__:run_supersegment_training:479 - Output directory: output/_supersegment_total
2026-03-24 16:54:03.414 | INFO     | __main__:run_supersegment_training:487 - Combining 10 segment filters:
2026-03-24 16:54:03.414 | INFO     | __main__:run_supersegment_training:489 -   - no_premium_ab
2026-03-24 16:54:03.414 | INFO     | __main__:run_supersegment_training:489 -   - no_premium_cd
2026-03-24 16:54:03.414 | INFO     | __main__:run_supersegment_training:489 -   - no_premium_ef
2026-03-24 16:54:03.414 | INFO     | __main__:run_supersegment_training:489 -   - premium
2026-03-24 16:54:03.415 | INFO     | __main__:run_supersegment_training:489 -   - precon
2026-03-24 16:54:03.415 | INFO     | __main__:run_supersegment_training:489 -   - new_fintonic
2026-03-24 16:54:03.415 | INFO     | __main__:run_supersegment_training:489 -   - new_no_fintonic_ob
2026-03-24 16:54:03.415 | INFO     | __main__:run_supersegment_training:489 -   - conso_no_premium_ac
2026-03-24 16:54:03.415 | INFO     | __main__:run_supersegment_training:489 -   - conso_no_premium_df
2026-03-24 16:54:03.415 | INFO     | __main__:run_supersegment_training:489 -   - conso_premium
2026-03-24 16:54:04.341 | DEBUG    | src.pipeline.config_loader:load_and_validate_config:21 - Configuration loaded from /Users/inigo_ocariz/src/scoring_tools/output/_supersegment_total/config_segment.toml
2026-03-24 16:54:04.341 | INFO     | src.pipeline.config_loader:load_and_validate_config:30 - Config validated | segment=(no_premium_ab)|(no_premium_cd)|(no_premium_ef)|(premium)|(precon)|(new_fintonic)|(new_no_fintonic_ob)|(conso_no_premium_ac)|(conso_no_premium_df)|(conso_premium) | period=2024-06-01 to 2025-05-01 | annual_coef=1.00
2026-03-24 16:54:04.398 | DEBUG    | src.data_manager:load_and_prepare_data:84 - Using pre-loaded data: 1,497,194 rows x 43 columns
2026-03-24 16:54:04.481 | INFO     | src.schema:validate_raw_data:83 - Schema validation passed
2026-03-24 16:54:04.481 | INFO     | src.data_manager:load_and_prepare_data:126 - Data ready | 1,497,194 rows x 43 cols | source=preloaded | 0.1s
2026-03-24 16:54:04.481 | INFO     | src.data_quality:run_data_quality_checks:461 - Running data quality checks...
2026-03-24 16:54:05.243 | WARNING  | src.pipeline.preprocessing:run_preprocessing_phase:70 - [(no_premium_ab)|(no_premium_cd)|(no_premium_ef)|(premium)|(precon)|(new_fintonic)|(new_no_fintonic_ob)|(conso_no_premium_ac)|(conso_no_premium_df)|(conso_premium)] 1 data quality warnings. Proceeding with caution.
